  분모 검산 — «보기그림» 147건 중 «불가» 43건
── 짝을 못 찾은 문항 출제 제외 (드라이런) ──
  «보기그림» 의 «불가»  43건
  뺄 것            29건
  건너뜀   10  정답이 보기 번호가 아니다 (객관식이 아니라 짝을 물을 수 없다)
  건너뜀    4  그림이 하나도 없다 (짝지을 것이 없다 — 그림 유실 쪽 결함)

  [왜 못 찾았나]
      19  그림이 HWP 에서 왔다 — PDF 지면 경로 아님
       8  보기 자리에 그림이 없다 (보기가 글자다)
       2  원본 메타 없음

  [무엇이 망가졌나 — 되살릴 길이 다르다]
      22  짝을 못 찾음 — 원본을 다시 구해야 산다
       6  문항 병합 — 재이관해야 산다
       1  머리말 오염 — 본문 손질로 산다

  [D-20 — 무엇을 잃는가]
     영향받는 단원                         15개
     일일테스트 정원(8) 아래로 내려가는 단원   0개
     확인테스트 정원(25) 아래로 내려가는 단원  0개

  | 단원 | 풀 | 잃는 수 | 남는 수 |
  | --- | ---: | ---: | ---: |
  | 중2 4. 함수 > 일차함수의 그래프와 절편 | 961 | 6 | 955 |
  | 중3 4. 이차함수 > 이차함수와 그래프 | 1480 | 4 | 1476 |
  | 중2 2. 부등식 > 일차부등식의 활용(개수, 예금액, 유리한 방법) | 1030 | 3 | 1027 |
  | 중2 5. 도형의 성질 > 평행사변형이 되는 조건 | 201 | 2 | 199 |
  | 중3 6. 원의 성질 > 원주각의 활용 | 220 | 2 | 218 |
  | 중2 5. 도형의 성질 > 이등변삼각형의 성질 | 262 | 2 | 260 |
  | 중2 1. 수와 식 > 순환소수를 포함한 식의 계산 | 736 | 2 | 734 |
  | 대수 2. 삼각함수 > 삼각함수 사이의 관계 | 99 | 1 | 98 |
  | 확률과 통계 3. 통계 > 연속확률변수 | 106 | 1 | 105 |
  | 중1 5. 기본 도형 > 평행선 | 150 | 1 | 149 |
  | 중2 5. 도형의 성질 > 삼각형의 내심 | 262 | 1 | 261 |
  | 중3 4. 이차함수 > 이차함수의 최댓값과 최솟값 | 311 | 1 | 310 |

  원장 → scripts/qa/reports/choice-figure-discard-lock.json (행마다 이전 상태 + 사유) · 이번 계획 29행

드라이런이다 — DB 를 한 건도 안 썼다.
적용하려면: ALLOW_UNIT_FIX=1 npx tsx scripts/qa/apply-choice-figure-discard.ts --apply
