🔴 빨강  빈 배열을 «안다» 로 받는다 (미끄러짐 그 자체)
🔴 빨강  길이 불일치를 봐준다
🔴 빨강  길이가 짧아도 앞부분만 쓴다 (반쪽 허용)
🔴 빨강  0 이 아닌 번호의 중복을 봐준다
🔴 빨강  발문(0)도 중복 검사에 넣는다 (발문 여럿을 막아 버린다)
🔴 빨강  범위 검사를 없앤다
🔴 빨강  상한 10 -> 1000
🔴 빨강  모를 때 null 대신 ①부터 순서대로 붙인다 (그럴듯한 거짓말)
🔴 빨강  «자동» 이 아닌 것도 쓴다
🔴 빨강  멱등을 없앤다 (이미 있는 값을 덮는다)
🔴 빨강  그림 목록이 바뀌어도 쓴다 (한 칸씩 밀린 짝)
🔴 빨강  그림 목록을 길이만 본다 (경로 바뀜을 못 잡는다)
🔴 빨강  쓰기 전 규약 검산을 건너뛴다
🔴 빨강  되돌릴 값을 원장의 before 대신 빈 배열로 박는다
PATTERN NOT FOUND
SKIP  되돌리기가 남의 변경을 덮는다 (패턴 없음)
🔴 빨강  무리를 안 거르고 «불가» 를 전부 뺀다 (43 -> 433 그 결함)
🔴 빨강  «사람확인» 도 뺀다
🔴 빨강  그림 유실 원장과 겹쳐도 뺀다
PATTERN NOT FOUND
SKIP  이미 빠진 행도 다시 뺀다 (멱등 깨기) (패턴 없음)
🔴 빨강  되돌리기가 남의 변경을 덮는다
🔴 빨강  되돌릴 값을 true 로 박는다
원복 완료
